{"中国__香港_":[{"description":"","dimensionValue":{"国家":["中国","日本"],"城市":["香港","澳门"]},"configuration":"I love here"},{"description":"","dimensionValue":{"国家":["中国"],"城市":["香港","澳门"]},"configuration":"I love China"}],"中国__澳门_":[{"description":"","dimensionValue":{"国家":["中国","日本"],"城市":["香港","澳门"]},"configuration":"I love here"},{"description":"","dimensionValue":{"国家":["中国"],"城市":["香港","澳门"]},"configuration":"I love China"}]}